// Jest Snapshot v1, https://goo.gl/fbAQLP

exports[`renders 1`] = `
<div
  className="css-c2kyv7-ThemeControls"
/>
`;
