// Jest Snapshot v1, https://goo.gl/fbAQLP

exports[`emotion responsive styles are rendered in the correct order 1`] = `
.emotion-0 {
  margin: 4px;
  padding: 4px;
}

@media screen and (min-width:40em) {
  .emotion-0 {
    padding: 8px;
  }
}

@media screen and (min-width:52em) {
  .emotion-0 {
    margin: 16px;
    padding: 16px;
  }
}

<div
  className="emotion-0"
/>
`;
